Read	.target.tmpdir "/tmp"
Execute	.target.bash_output "/sbin/service aaa start" $["TERM":"raw"] $["exit":0]
Return	0
