Read	.target.tmpdir "/tmp"
Read	.target.stat "/etc/init.d/aaa" $["isreg":true]
Read	.target.stat "/etc/init.d/aaa" $["isreg":true]
Read	.init.scripts.runlevel "aaa" $["aaa":$["start":["0", "1", "3"], "stop":["4", "5", "6"]]]
Read	.init.scripts.comment "aaa" $["aaa":$["defstart":["0", "1", "3"], "defstop":["4", "5", "6"]]]
Read	.target.stat "/etc/init.d/aaa" $["isreg":true]
Execute	.target.bash "/sbin/service aaa status" $["TERM":"raw"] 3
Return	$["defstart":["0", "1", "3"], "defstop":["4", "5", "6"], "start":["0", "1", "3"], "started":3, "stop":["4", "5", "6"]]
