Read	.target.tmpdir "/tmp"
Read	.target.stat "/etc/init.d/aaa" $[]
Read	.target.stat "/lib/systemd/system/aaa.service" $[]
Log	Service aaa does not exist.
Return	false
Read	.target.stat "/etc/init.d/aaa" $["isreg":true]
Read	.target.stat "/etc/init.d/aaa" $["isreg":true]
Read	.init.scripts.runlevel "aaa" $["aaa":$["start":["0", "1", "3"], "stop":["4", "5", "6"]]]
Read	.init.scripts.comment "aaa" $["aaa":$["defstart":["0", "1", "3"], "defstop":["4", "5", "6"]]]
Execute	.target.bash_output "/sbin/chkconfig -d aaa" $["exit":0, "stderr":"", "stdout":""]
Return	true
Read	.target.stat "/etc/init.d/aaa" $["isreg":true]
Read	.target.stat "/etc/init.d/aaa" $["isreg":true]
Read	.init.scripts.runlevel "aaa" $["aaa":$["start":[], "stop":[]]]
Read	.init.scripts.comment "aaa" $["aaa":$["defstart":["0", "1", "3"], "defstop":["4", "5", "6"]]]
Return	true
Read	.target.stat "/etc/init.d/aaa" $["isreg":true]
Read	.target.stat "/etc/init.d/aaa" $["isreg":true]
Read	.init.scripts.runlevel "aaa" $["aaa":$["start":[], "stop":[]]]
Read	.init.scripts.comment "aaa" $["aaa":$["defstart":["0", "1", "3"], "defstop":["4", "5", "6"]]]
Execute	.target.bash_output "/sbin/chkconfig -a aaa" $["exit":0, "stderr":"", "stdout":""]
Return	true
Read	.target.stat "/etc/init.d/aaa" $["isreg":true]
Read	.target.stat "/etc/init.d/aaa" $["isreg":true]
Read	.init.scripts.runlevel "aaa" $["aaa":$["start":["1"], "stop":[]]]
Read	.init.scripts.comment "aaa" $["aaa":$["defstart":["0", "1", "3"], "defstop":["4", "5", "6"]]]
Return	true
Read	.target.stat "/etc/init.d/aaa" $["isreg":true]
Read	.target.stat "/etc/init.d/aaa" $["isreg":true]
Read	.init.scripts.runlevel "aaa" $["aaa":$["start":["1"], "stop":[]]]
Read	.init.scripts.comment "aaa" $["aaa":$["defstart":["0", "1", "3"], "defstop":["4", "5", "6"]]]
Execute	.target.bash_output "/sbin/chkconfig -a aaa" $["exit":0, "stderr":"", "stdout":""]
Return	true
Read	.target.stat "/etc/init.d/aaa" $["isreg":true]
Read	.target.stat "/etc/init.d/aaa" $["isreg":true]
Read	.init.scripts.runlevel "aaa" $["aaa":$["start":["0", "1", "3"], "stop":[]]]
Read	.init.scripts.comment "aaa" $["aaa":$["defstart":["0", "1", "3"], "defstop":["4", "5", "6"]]]
Execute	.target.bash_output "/sbin/chkconfig -a aaa" $["exit":0, "stderr":"", "stdout":""]
Return	true
