Read	.target.tmpdir "/tmp"
Read	.target.stat "/etc/init.d/aaa" $["isreg":true]
Execute	.target.bash "/sbin/service aaa status" $["TERM":"raw"] 3
Return	3
