Dump	----------------------------------------
Dump	Testing modules to load on boot behavior
Return	nil
Return	nil
Read	.sysconfig.kernel.MODULES_LOADED_ON_BOOT "reiserfs xfs"
Write	.sysconfig.kernel.MODULES_LOADED_ON_BOOT "xfs ext2" true
Write	.sysconfig.kernel nil true
Return	true
