Return	true
Return	false
Return	false
Dump	$["actions":$["add":$["help":"add a network card"], "delete":$["help":"delete a network card"], "list":$["example":"lan list configured", "help":"display configuration summary"]], "finish":finish (), "guihandler":GUI (), "help":"Configuration of network cards", "id":"lan", "initialize":init (), "mappings":$["add":["device", "ip", "netmask", "blem", "atboot"], "delete":["device"], "list":["configured", "unconfigured"]], "options":$["atboot":$["help":"turning on the device at boot", "type":"enum", "typespec":["yes", "no"]], "blem":$["help":"other argument (without spaces and '1')", "type":"regex", "typespec":"^[^ 1]+$"], "configured":$["help":"list only configured cards", "type":""], "device":$["example":"lan add device=eth0", "help":"device ID", "type":"string"], "ip":$["help":"device address", "type":"ipaddress"], "netmask":$["help":"network mask", "type":"netmask"], "propose":$["example":"lan add propose", "help":"propose a configuration", "type":""], "unconfigured":$["help":"list only not configured cards", "type":""]]]
Dump	$["actions":$["add":$["help":"add a network card"], "delete":$["help":"delete a network card"], "help":$["help":"print the help for this module"], "list":$["example":"lan list configured", "help":"display configuration summary"], "longhelp":$["help":"print a long version of help for this module"]], "mappings":$["add":["device", "ip", "netmask", "blem", "atboot", "help", "quiet"], "delete":["device", "help", "quiet"], "help":["help", "quiet"], "list":["configured", "unconfigured", "help", "quiet"]], "options":$["atboot":$["help":"turning on the device at boot", "type":"enum", "typespec":["yes", "no"]], "blem":$["help":"other argument (without spaces and '1')", "type":"regex", "typespec":"^[^ 1]+$"], "configured":$["help":"list only configured cards", "type":""], "device":$["example":"lan add device=eth0", "help":"device ID", "type":"string"], "help":$["help":"print the help for this command"], "ip":$["help":"device address", "type":"ipaddress"], "netmask":$["help":"network mask", "type":"netmask"], "propose":$["example":"lan add propose", "help":"propose a configuration", "type":""], "quiet":$["help":"do not show progress information"], "unconfigured":$["help":"list only not configured cards", "type":""]]]
