Log	Command line specification does not define module id
Return	false
Return	true
Return	true
