Write	.dev.tty.prompt "YaST2 lan> " true
Return	true
Return	false
Return	false
Read	.dev.tty "quit"
Return	$["command":"quit"]
Return	true
Return	true
