Dump	NetworkInterfaces::GetTypeFromIfcfg
Return	true
Return	true
Return	true
