Dump	Combined:
Dump	ifcfg-eth0
Dump	["eth", "0", ""]
Dump	ifcfg-eth1
Dump	["eth", "1", ""]
Dump	ifcfg-eth-pcmcia-0
Dump	["eth", "pcmcia-0", ""]
Dump	ifcfg-eth-usb-1
Dump	["eth", "usb-1", ""]
Dump	ifcfg-tr-pcmcia-1
Dump	["tr", "pcmcia-1", ""]
Dump	ifcfg-ippp2
Dump	["ippp", "2", ""]
Dump	ifcfg-ppp2
Dump	["ppp", "2", ""]
Dump	ifcfg-lo
Dump	["lo", "", ""]
Dump	ifcfg-eth0#1
Dump	["eth", "0", "1"]
Dump	ifcfg-eth1#20
Dump	["eth", "1", "20"]
Dump	ifcfg-eth-pcmcia-0#3
Dump	["eth", "pcmcia-0", "3"]
Dump	ifcfg-eth-usb-1#0
Dump	["eth", "usb-1", "0"]
Dump	ifcfg-tr-pcmcia-2#432
Dump	["tr", "pcmcia-2", "432"]
Dump	ifcfg-ippp2#2
Dump	["ippp", "2", "2"]
Dump	ifcfg-ppp2#2
Dump	["ppp", "2", "2"]
Dump	ifcfg-lo#1
Dump	["lo", "", "1"]
Dump	ifcfg-eth1#blah
Dump	["eth", "1", "blah"]
Dump	ifcfg-eth-id-00:07:e9:d5:8e:e8
Dump	["eth", "id-00:07:e9:d5:8e:e8", ""]
Dump	ifcfg-eth-id-00:07:e9:d5:8e:e8#foo
Dump	["eth", "id-00:07:e9:d5:8e:e8", "foo"]
Dump	ifcfg-ip6tnl0
Dump	["ip6tnl", "0", ""]
Dump	ifcfg-ip6tnl31
Dump	["ip6tnl", "31", ""]
Dump	ifcfg-mip6mnha3
Dump	["mip6mnha", "3", ""]
Dump	Obsolete:
Return	eth-pcmcia-0
Return	tr-pcmcia-1
Return	eth-pcmcia-0#1
Return	tr-pcmcia-1#1
