Log	next
Log	details
Log	details
Log	next
Log	finish
Return	`ws_finish
