Log	next
Log	expert
Log	next
Log	next
Log	finish
Return	`ws_finish
