Return	nil
Return	nil
Return	nil
Return	[[1], 1]
Return	[[1, 3, 5, 7, 9], 9]
