Read	.target.tmpdir "/tmp"
Return	true
Return	false
Return	true
