Dump	Netmask::Check4
Return	true
Return	true
Return	true
Return	true
Return	true
Return	true
Return	true
Return	true
Return	true
Return	true
Return	true
Return	true
Return	true
Return	true
Return	true
Return	true
Return	true
Return	true
Return	true
Return	true
Return	true
Return	true
Return	true
Return	true
Return	true
Return	true
Return	true
Return	true
Return	true
Return	true
Return	true
Return	true
Return	false
Return	false
Return	false
Return	false
Return	false
Return	false
Return	true
Return	true
Return	true
Dump	Netmask::Check6
Return	false
Return	false
Return	false
Return	true
Dump	Netmask::ToBits
Return	32
Return	28
Return	27
Return	24
Return	20
Return	12
Return	4
Return	0
Dump	Netmask::FromBits
Return	255.255.255.255
Return	255.255.255.224
Return	255.255.255.240
Return	255.255.255.0
Return	255.255.240.0
Return	255.240.0.0
Return	240.0.0.0
Return	0.0.0.0
