Dump	String::Quote
Return	
Return	
Return	a
Return	a'\''b
Return	a'\''b'\''c
Dump	String::UnQuote
Return	
Return	
Return	a
Return	a'b
Return	a'b'c
Dump	String::FormatSize
Return	
Return	0.00 
Return	1.00 
Return	1.00 KB
Return	1.00 MB
Return	1.00 GB
Return	1.00 TB
Return	1024.09 TB
Dump	String::FormatSizeFixed
Return	
Return	  0.00 MB 
Return	  0.00 MB 
Return	  0.00 MB 
Return	  1.00 MB 
Return	 10.00 MB 
Return	100.04 MB 
Return	1024.25 MB 
Return	1049041.75 MB 
Return	1073837280.27 MB 
Dump	String::CutBlanks
Return	
Return	
Return	
Return	abc
Return	abc
Return	abc
Return	abc
Return	abc
Return	abc
Return	ab c
Return	ab c
Return	ab c
Return	ab c
Return	ab c
Return	ab c
Return	ab c
Return	ab  c
Dump	String::CutZeros
Return	
Return	
Return	1
Return	1
Return	1
Return	0
Return	0
