Log	Request to validate unknown type blem
Return	false
