Return	true
Return	false
Return	false
Dump	$["actions":$["add":$["help":"add a network card"], "delete":$["help":"delete a network card"], "list":$["example":"lan list configured", "help":"display configuration summary", "options":["non_strict"]]], "finish":<YCPRef:void finish ()>, "guihandler":<YCPRef:void GUI ()>, "help":"Configuration of network cards", "id":"lan", "initialize":<YCPRef:void init ()>, "mappings":$["add":["device", "ip", "netmask", "blem", "atboot"], "delete":["device"], "list":["configured", "unconfigured"]], "options":$["atboot":$["help":"turning on the device at boot", "type":"enum", "typespec":["yes", "no"]], "blem":$["help":"other argument (without spaces and '1')", "type":"regex", "typespec":"^[^ 1]+$"], "configured":$["help":"list only configured cards", "type":""], "device":$["example":"lan add device=eth0", "help":"device ID", "type":"string"], "ip":$["help":"device address", "type":"ip"], "netmask":$["help":"network mask", "type":"netmask"], "propose":$["example":"lan add propose", "help":"propose a configuration", "type":""], "unconfigured":$["help":"list only not configured cards", "type":""]]]
Dump	$["actions":$["add":$["help":"add a network card"], "delete":$["help":"delete a network card"], "exit":$["help":"Exit interactive mode and save the changes"], "help":$["help":"Print the help for this module"], "interactive":$["help":"Start interactive shell to control the module"], "list":$["example":"lan list configured", "help":"display configuration summary", "options":["non_strict"]], "longhelp":$["help":"Print a long version of help for this module"], "quit":$["help":"Quit interactive mode without saving the changes"]], "mappings":$["add":["device", "ip", "netmask", "blem", "atboot", "help", "verbose"], "delete":["device", "help", "verbose"], "exit":["help"], "help":["help", "verbose"], "interactive":["help", "verbose"], "list":["configured", "unconfigured", "help", "verbose"], "quit":["help"]], "options":$["atboot":$["help":"turning on the device at boot", "type":"enum", "typespec":["yes", "no"]], "blem":$["help":"other argument (without spaces and '1')", "type":"regex", "typespec":"^[^ 1]+$"], "configured":$["help":"list only configured cards", "type":""], "device":$["example":"lan add device=eth0", "help":"device ID", "type":"string"], "help":$["help":"Print the help for this command"], "ip":$["help":"device address", "type":"ip"], "netmask":$["help":"network mask", "type":"netmask"], "propose":$["example":"lan add propose", "help":"propose a configuration", "type":""], "unconfigured":$["help":"list only not configured cards", "type":""], "verbose":$["help":"Show progress information"]]]
