Write	.dev.tty.prompt "YaST2 lan> " true
Log	Type specification for option 'configured' is missing, cannot assign a value to the option
Write	.dev.tty.stderr "Option 'configured' cannot have a value. Given value: 1" true
Write	.dev.tty.stderr "Use 'yast2 lan list help' for a complete list of available options." true
Return	false
Return	$["command":"abort"]
