Log	You can specify only one of the commands: 'add', or 'delete'.
Return	nil
Return	add
